[2026-08-29T22:05:07.773+03:00] INFO    INIT                   -            BUILD_LOG_OPEN | build_id=20260829-220507-409053b5
[2026-08-29T22:05:07.776+03:00] INFO    PREFLIGHT              -            PHASE_START
[2026-08-29T22:05:07.777+03:00] INFO    PREFLIGHT              -            ENGINE | engine=HEXA_VIDEO_BUILDER_V31_0_25_PREMIUM_MOTION_INTERACTION_DIRECTOR version=31.0.25 downloads_during_build=False build_id=20260829-220507-409053b5 project_cache=C:\Users\INTEL CENTER\Documents\GitHub\Montagetools\.hexa_real_build\887ecb53d354_6332a4da1726\cache
[2026-08-29T22:05:11.244+03:00] PASS    PREFLIGHT              -            VOICE_OVER_PROBED | duration_seconds=99.32 sha256=6332a4da17261e4a05ca7f5206370f372f31c72764cbc531e972d8c985d7a030
[2026-08-29T22:05:11.246+03:00] INFO    PACKAGE_INGEST         -            PHASE_START
[2026-08-29T22:05:13.750+03:00] PASS    PACKAGE_INGEST         -            PACKAGE_VALIDATED | scene_count=49 package_sha256=887ecb53d354acb534bb6fb5f60a0675164751ae53070084a79adb7fdc1a6820 project_id=HEXA_INSUFFICIENT_BALANCE_AR
[2026-08-29T22:05:13.753+03:00] INFO    AUDIO_PREP             -            PHASE_START
[2026-08-29T22:05:13.957+03:00] PASS    AUDIO_PREP             -            VOICE_PCM_READY | path=C:\Users\INTEL CENTER\Documents\GitHub\Montagetools\.hexa_real_build\887ecb53d354_6332a4da1726\cache\audio\voice_16k_mono.wav
[2026-08-29T22:05:13.957+03:00] INFO    ALIGNMENT              -            PHASE_START
[2026-08-29T22:05:24.780+03:00] INFO    ALIGNMENT              -            WHISPER_LOAD | model_path=C:\Users\INTEL CENTER\AppData\Local\HEXA\VideoBuilderV26\models\faster-whisper-small device=cpu compute_type=int8
[2026-08-29T22:07:39.320+03:00] PASS    ALIGNMENT              -            ALIGNMENT_RESOLVED | method=FASTER_WHISPER_OBSERVED_WORDS+EXACT_CANONICAL_RECONCILIATION_V20 canonical_word_direct_match_ratio=0.9648 observed_word_count=228 canonical_word_count=227 internal_trigger_support=True scene_timing_projection=MONOTONIC_CONTINUOUS_WORD_BOUNDARY_V20_0_3 raw_adjacent_word_max_overlap_seconds=0.001 raw_adjacent_word_max_gap_seconds=0.62 projected_scene_min_duration_seconds=0.4 projected_scene_max_duration_seconds=4.22 projected_scene_continuous=True
[2026-08-29T22:07:39.336+03:00] PASS    ALIGNMENT              -            ALIGNMENT_QA_PASS | scene_count=49 projection=MONOTONIC_CONTINUOUS_WORD_BOUNDARY_V20_0_3
[2026-08-29T22:07:39.361+03:00] INFO    VISION_RECONSTRUCTION  -            PHASE_START
[2026-08-29T22:07:39.369+03:00] INFO    VISION_RECONSTRUCTION  SCENE_001    SCENE_START
[2026-08-29T22:07:47.348+03:00] PASS    VISION_RECONSTRUCTION  SCENE_001    SCENE_VISION_ANALYZED | mode=CLEAN_LAYERED source_mode=BORDER_CONNECTED_WHITE_STAGE_MATTE major_groups=2 expected_units=2 reconstruction_mae=0.444 reconstruction_psnr=46.326 edge_touching=True isolated_worker=True progress=1/49
[2026-08-29T22:07:47.350+03:00] INFO    VISION_RECONSTRUCTION  SCENE_002    SCENE_START
[2026-08-29T22:07:56.155+03:00] PASS    VISION_RECONSTRUCTION  SCENE_002    SCENE_VISION_ANALYZED | mode=CLEAN_LAYERED source_mode=BORDER_CONNECTED_WHITE_STAGE_MATTE major_groups=2 expected_units=2 reconstruction_mae=0.5136 reconstruction_psnr=44.614 edge_touching=False isolated_worker=True progress=2/49
[2026-08-29T22:07:56.158+03:00] INFO    VISION_RECONSTRUCTION  SCENE_003    SCENE_START
[2026-08-29T22:08:03.096+03:00] PASS    VISION_RECONSTRUCTION  SCENE_003    SCENE_VISION_ANALYZED | mode=CLEAN_LAYERED source_mode=BORDER_CONNECTED_WHITE_STAGE_MATTE major_groups=2 expected_units=2 reconstruction_mae=0.3586 reconstruction_psnr=46.102 edge_touching=False isolated_worker=True progress=3/49
[2026-08-29T22:08:03.115+03:00] INFO    VISION_RECONSTRUCTION  SCENE_004    SCENE_START
[2026-08-29T22:08:11.503+03:00] PASS    VISION_RECONSTRUCTION  SCENE_004    SCENE_VISION_ANALYZED | mode=CLEAN_LAYERED source_mode=BORDER_CONNECTED_WHITE_STAGE_MATTE major_groups=2 expected_units=2 reconstruction_mae=0.3599 reconstruction_psnr=45.98 edge_touching=False isolated_worker=True progress=4/49
[2026-08-29T22:08:11.593+03:00] INFO    VISION_RECONSTRUCTION  SCENE_005    SCENE_START
[2026-08-29T22:08:22.171+03:00] PASS    VISION_RECONSTRUCTION  SCENE_005    SCENE_VISION_ANALYZED | mode=CLEAN_LAYERED source_mode=BORDER_CONNECTED_WHITE_STAGE_MATTE major_groups=2 expected_units=2 reconstruction_mae=0.422 reconstruction_psnr=49.046 edge_touching=True isolated_worker=True progress=5/49
[2026-08-29T22:08:22.174+03:00] INFO    VISION_RECONSTRUCTION  SCENE_006    SCENE_START
[2026-08-29T22:08:28.347+03:00] PASS    VISION_RECONSTRUCTION  SCENE_006    SCENE_VISION_ANALYZED | mode=CLEAN_LAYERED source_mode=BORDER_CONNECTED_WHITE_STAGE_MATTE major_groups=1 expected_units=1 reconstruction_mae=0.3484 reconstruction_psnr=47.358 edge_touching=False isolated_worker=True progress=6/49
[2026-08-29T22:08:28.350+03:00] INFO    VISION_RECONSTRUCTION  SCENE_007    SCENE_START
[2026-08-29T22:08:34.811+03:00] PASS    VISION_RECONSTRUCTION  SCENE_007    SCENE_VISION_ANALYZED | mode=CLEAN_LAYERED source_mode=BORDER_CONNECTED_WHITE_STAGE_MATTE major_groups=1 expected_units=1 reconstruction_mae=0.4073 reconstruction_psnr=46.299 edge_touching=False isolated_worker=True progress=7/49
[2026-08-29T22:08:34.898+03:00] INFO    VISION_RECONSTRUCTION  SCENE_008    SCENE_START
[2026-08-29T22:08:44.430+03:00] PASS    VISION_RECONSTRUCTION  SCENE_008    SCENE_VISION_ANALYZED | mode=CLEAN_LAYERED source_mode=BORDER_CONNECTED_WHITE_STAGE_MATTE major_groups=2 expected_units=2 reconstruction_mae=0.3375 reconstruction_psnr=46.913 edge_touching=False isolated_worker=True progress=8/49
[2026-08-29T22:08:44.449+03:00] INFO    VISION_RECONSTRUCTION  SCENE_009    SCENE_START
[2026-08-29T22:08:52.859+03:00] PASS    VISION_RECONSTRUCTION  SCENE_009    SCENE_VISION_ANALYZED | mode=CLEAN_LAYERED source_mode=BORDER_CONNECTED_WHITE_STAGE_MATTE major_groups=2 expected_units=2 reconstruction_mae=0.518 reconstruction_psnr=44.284 edge_touching=True isolated_worker=True progress=9/49
[2026-08-29T22:08:52.862+03:00] INFO    VISION_RECONSTRUCTION  SCENE_010    SCENE_START
[2026-08-29T22:09:01.606+03:00] PASS    VISION_RECONSTRUCTION  SCENE_010    SCENE_VISION_ANALYZED | mode=CLEAN_LAYERED source_mode=BORDER_CONNECTED_WHITE_STAGE_MATTE major_groups=2 expected_units=2 reconstruction_mae=0.6126 reconstruction_psnr=44.491 edge_touching=False isolated_worker=True progress=10/49
[2026-08-29T22:09:01.610+03:00] INFO    VISION_RECONSTRUCTION  SCENE_011    SCENE_START
[2026-08-29T22:09:07.840+03:00] PASS    VISION_RECONSTRUCTION  SCENE_011    SCENE_VISION_ANALYZED | mode=GROUPED_LAYERED source_mode=BORDER_CONNECTED_WHITE_STAGE_MATTE major_groups=1 expected_units=2 reconstruction_mae=0.4747 reconstruction_psnr=43.645 edge_touching=False isolated_worker=True progress=11/49
[2026-08-29T22:09:08.625+03:00] INFO    VISION_RECONSTRUCTION  SCENE_012    SCENE_START
[2026-08-29T22:09:14.713+03:00] PASS    VISION_RECONSTRUCTION  SCENE_012    SCENE_VISION_ANALYZED | mode=CLEAN_LAYERED source_mode=BORDER_CONNECTED_WHITE_STAGE_MATTE major_groups=1 expected_units=1 reconstruction_mae=1.4284 reconstruction_psnr=38.527 edge_touching=False isolated_worker=True progress=12/49
[2026-08-29T22:09:14.716+03:00] INFO    VISION_RECONSTRUCTION  SCENE_013    SCENE_START
[2026-08-29T22:09:23.990+03:00] PASS    VISION_RECONSTRUCTION  SCENE_013    SCENE_VISION_ANALYZED | mode=CLEAN_LAYERED source_mode=BORDER_CONNECTED_WHITE_STAGE_MATTE major_groups=2 expected_units=2 reconstruction_mae=0.3531 reconstruction_psnr=46.814 edge_touching=True isolated_worker=True progress=13/49
[2026-08-29T22:09:23.995+03:00] INFO    VISION_RECONSTRUCTION  SCENE_014    SCENE_START
[2026-08-29T22:09:32.705+03:00] PASS    VISION_RECONSTRUCTION  SCENE_014    SCENE_VISION_ANALYZED | mode=CLEAN_LAYERED source_mode=BORDER_CONNECTED_WHITE_STAGE_MATTE major_groups=2 expected_units=2 reconstruction_mae=0.3727 reconstruction_psnr=46.932 edge_touching=False isolated_worker=True progress=14/49
[2026-08-29T22:09:32.836+03:00] INFO    VISION_RECONSTRUCTION  SCENE_015    SCENE_START
[2026-08-29T22:09:38.899+03:00] PASS    VISION_RECONSTRUCTION  SCENE_015    SCENE_VISION_ANALYZED | mode=GROUPED_LAYERED source_mode=BORDER_CONNECTED_WHITE_STAGE_MATTE major_groups=1 expected_units=2 reconstruction_mae=0.4372 reconstruction_psnr=46.108 edge_touching=False isolated_worker=True progress=15/49
[2026-08-29T22:09:38.942+03:00] INFO    VISION_RECONSTRUCTION  SCENE_016    SCENE_START
[2026-08-29T22:09:45.134+03:00] PASS    VISION_RECONSTRUCTION  SCENE_016    SCENE_VISION_ANALYZED | mode=CLEAN_LAYERED source_mode=BORDER_CONNECTED_WHITE_STAGE_MATTE major_groups=1 expected_units=1 reconstruction_mae=0.8256 reconstruction_psnr=40.051 edge_touching=False isolated_worker=True progress=16/49
[2026-08-29T22:09:45.139+03:00] INFO    VISION_RECONSTRUCTION  SCENE_017    SCENE_START
[2026-08-29T22:09:54.607+03:00] PASS    VISION_RECONSTRUCTION  SCENE_017    SCENE_VISION_ANALYZED | mode=CLEAN_LAYERED source_mode=BORDER_CONNECTED_WHITE_STAGE_MATTE major_groups=2 expected_units=2 reconstruction_mae=0.8815 reconstruction_psnr=41.261 edge_touching=True isolated_worker=True progress=17/49
[2026-08-29T22:09:54.610+03:00] INFO    VISION_RECONSTRUCTION  SCENE_018    SCENE_START
[2026-08-29T22:09:59.942+03:00] PASS    VISION_RECONSTRUCTION  SCENE_018    SCENE_VISION_ANALYZED | mode=CLEAN_LAYERED source_mode=NATIVE_ALPHA_AUTHORITY major_groups=1 expected_units=1 reconstruction_mae=0.598 reconstruction_psnr=44.506 edge_touching=True isolated_worker=True progress=18/49
[2026-08-29T22:09:59.945+03:00] INFO    VISION_RECONSTRUCTION  SCENE_019    SCENE_START
[2026-08-29T22:10:10.470+03:00] PASS    VISION_RECONSTRUCTION  SCENE_019    SCENE_VISION_ANALYZED | mode=CLEAN_LAYERED source_mode=BORDER_CONNECTED_WHITE_STAGE_MATTE major_groups=2 expected_units=2 reconstruction_mae=0.3713 reconstruction_psnr=49.262 edge_touching=False isolated_worker=True progress=19/49
[2026-08-29T22:10:10.487+03:00] INFO    VISION_RECONSTRUCTION  SCENE_020    SCENE_START
[2026-08-29T22:10:19.708+03:00] PASS    VISION_RECONSTRUCTION  SCENE_020    SCENE_VISION_ANALYZED | mode=CLEAN_LAYERED source_mode=BORDER_CONNECTED_WHITE_STAGE_MATTE major_groups=2 expected_units=2 reconstruction_mae=0.4183 reconstruction_psnr=46.926 edge_touching=False isolated_worker=True progress=20/49
[2026-08-29T22:10:19.713+03:00] INFO    VISION_RECONSTRUCTION  SCENE_021    SCENE_START
[2026-08-29T22:10:30.209+03:00] PASS    VISION_RECONSTRUCTION  SCENE_021    SCENE_VISION_ANALYZED | mode=CLEAN_LAYERED source_mode=BORDER_CONNECTED_WHITE_STAGE_MATTE major_groups=2 expected_units=2 reconstruction_mae=0.286 reconstruction_psnr=47.595 edge_touching=True isolated_worker=True progress=21/49
[2026-08-29T22:10:30.213+03:00] INFO    VISION_RECONSTRUCTION  SCENE_022    SCENE_START
[2026-08-29T22:10:38.179+03:00] PASS    VISION_RECONSTRUCTION  SCENE_022    SCENE_VISION_ANALYZED | mode=CLEAN_LAYERED source_mode=BORDER_CONNECTED_WHITE_STAGE_MATTE major_groups=2 expected_units=2 reconstruction_mae=0.3615 reconstruction_psnr=48.026 edge_touching=False isolated_worker=True progress=22/49
[2026-08-29T22:10:38.183+03:00] INFO    VISION_RECONSTRUCTION  SCENE_023    SCENE_START
[2026-08-29T22:10:43.078+03:00] PASS    VISION_RECONSTRUCTION  SCENE_023    SCENE_VISION_ANALYZED | mode=CLEAN_LAYERED source_mode=BORDER_CONNECTED_WHITE_STAGE_MATTE major_groups=1 expected_units=1 reconstruction_mae=0.5243 reconstruction_psnr=41.281 edge_touching=False isolated_worker=True progress=23/49
[2026-08-29T22:10:43.081+03:00] INFO    VISION_RECONSTRUCTION  SCENE_024    SCENE_START
[2026-08-29T22:10:48.257+03:00] PASS    VISION_RECONSTRUCTION  SCENE_024    SCENE_VISION_ANALYZED | mode=GROUPED_LAYERED source_mode=BORDER_CONNECTED_WHITE_STAGE_MATTE major_groups=1 expected_units=2 reconstruction_mae=0.4166 reconstruction_psnr=47.327 edge_touching=False isolated_worker=True progress=24/49
[2026-08-29T22:10:48.260+03:00] INFO    VISION_RECONSTRUCTION  SCENE_025    SCENE_START
[2026-08-29T22:10:54.869+03:00] PASS    VISION_RECONSTRUCTION  SCENE_025    SCENE_VISION_ANALYZED | mode=CLEAN_LAYERED source_mode=BORDER_CONNECTED_WHITE_STAGE_MATTE major_groups=2 expected_units=2 reconstruction_mae=0.5957 reconstruction_psnr=41.097 edge_touching=True isolated_worker=True progress=25/49
[2026-08-29T22:10:54.871+03:00] INFO    VISION_RECONSTRUCTION  SCENE_026    SCENE_START
[2026-08-29T22:10:58.947+03:00] PASS    VISION_RECONSTRUCTION  SCENE_026    SCENE_VISION_ANALYZED | mode=GROUPED_LAYERED source_mode=BORDER_CONNECTED_WHITE_STAGE_MATTE major_groups=1 expected_units=2 reconstruction_mae=0.5586 reconstruction_psnr=43.752 edge_touching=False isolated_worker=True progress=26/49
[2026-08-29T22:10:58.950+03:00] INFO    VISION_RECONSTRUCTION  SCENE_027    SCENE_START
[2026-08-29T22:11:04.588+03:00] PASS    VISION_RECONSTRUCTION  SCENE_027    SCENE_VISION_ANALYZED | mode=CLEAN_LAYERED source_mode=BORDER_CONNECTED_WHITE_STAGE_MATTE major_groups=2 expected_units=2 reconstruction_mae=0.4382 reconstruction_psnr=44.921 edge_touching=False isolated_worker=True progress=27/49
[2026-08-29T22:11:04.602+03:00] INFO    VISION_RECONSTRUCTION  SCENE_028    SCENE_START
[2026-08-29T22:11:08.700+03:00] PASS    VISION_RECONSTRUCTION  SCENE_028    SCENE_VISION_ANALYZED | mode=GROUPED_LAYERED source_mode=BORDER_CONNECTED_WHITE_STAGE_MATTE major_groups=1 expected_units=2 reconstruction_mae=0.4255 reconstruction_psnr=45.516 edge_touching=False isolated_worker=True progress=28/49
[2026-08-29T22:11:08.727+03:00] INFO    VISION_RECONSTRUCTION  SCENE_029    SCENE_START
[2026-08-29T22:11:12.408+03:00] PASS    VISION_RECONSTRUCTION  SCENE_029    SCENE_VISION_ANALYZED | mode=GROUPED_LAYERED source_mode=BORDER_CONNECTED_WHITE_STAGE_MATTE major_groups=1 expected_units=2 reconstruction_mae=0.428 reconstruction_psnr=44.955 edge_touching=True isolated_worker=True progress=29/49
[2026-08-29T22:11:12.410+03:00] INFO    VISION_RECONSTRUCTION  SCENE_030    SCENE_START
[2026-08-29T22:11:17.644+03:00] PASS    VISION_RECONSTRUCTION  SCENE_030    SCENE_VISION_ANALYZED | mode=CLEAN_LAYERED source_mode=BORDER_CONNECTED_WHITE_STAGE_MATTE major_groups=2 expected_units=2 reconstruction_mae=0.4915 reconstruction_psnr=47.48 edge_touching=False isolated_worker=True progress=30/49
[2026-08-29T22:11:17.646+03:00] INFO    VISION_RECONSTRUCTION  SCENE_031    SCENE_START
[2026-08-29T22:11:20.276+03:00] PASS    VISION_RECONSTRUCTION  SCENE_031    SCENE_VISION_ANALYZED | mode=CLEAN_LAYERED source_mode=NATIVE_ALPHA_AUTHORITY major_groups=1 expected_units=1 reconstruction_mae=1.1511 reconstruction_psnr=39.005 edge_touching=True isolated_worker=True progress=31/49
[2026-08-29T22:11:20.397+03:00] INFO    VISION_RECONSTRUCTION  SCENE_032    SCENE_START
[2026-08-29T22:11:22.861+03:00] PASS    VISION_RECONSTRUCTION  SCENE_032    SCENE_VISION_ANALYZED | mode=CLEAN_LAYERED source_mode=NATIVE_ALPHA_AUTHORITY major_groups=1 expected_units=1 reconstruction_mae=2.0893 reconstruction_psnr=32.314 edge_touching=False isolated_worker=True progress=32/49
[2026-08-29T22:11:22.897+03:00] INFO    VISION_RECONSTRUCTION  SCENE_033    SCENE_START
[2026-08-29T22:11:28.171+03:00] PASS    VISION_RECONSTRUCTION  SCENE_033    SCENE_VISION_ANALYZED | mode=CLEAN_LAYERED source_mode=BORDER_CONNECTED_WHITE_STAGE_MATTE major_groups=2 expected_units=2 reconstruction_mae=0.3902 reconstruction_psnr=44.847 edge_touching=True isolated_worker=True progress=33/49
[2026-08-29T22:11:28.174+03:00] INFO    VISION_RECONSTRUCTION  SCENE_034    SCENE_START
[2026-08-29T22:11:31.743+03:00] PASS    VISION_RECONSTRUCTION  SCENE_034    SCENE_VISION_ANALYZED | mode=CLEAN_LAYERED source_mode=BORDER_CONNECTED_WHITE_STAGE_MATTE major_groups=1 expected_units=1 reconstruction_mae=0.4956 reconstruction_psnr=43.149 edge_touching=True isolated_worker=True progress=34/49
[2026-08-29T22:11:32.202+03:00] INFO    VISION_RECONSTRUCTION  SCENE_035    SCENE_START
[2026-08-29T22:11:35.804+03:00] PASS    VISION_RECONSTRUCTION  SCENE_035    SCENE_VISION_ANALYZED | mode=GROUPED_LAYERED source_mode=BORDER_CONNECTED_WHITE_STAGE_MATTE major_groups=1 expected_units=2 reconstruction_mae=0.5184 reconstruction_psnr=45.161 edge_touching=True isolated_worker=True progress=35/49
[2026-08-29T22:11:35.918+03:00] INFO    VISION_RECONSTRUCTION  SCENE_036    SCENE_START
[2026-08-29T22:11:39.666+03:00] PASS    VISION_RECONSTRUCTION  SCENE_036    SCENE_VISION_ANALYZED | mode=GROUPED_LAYERED source_mode=BORDER_CONNECTED_WHITE_STAGE_MATTE major_groups=1 expected_units=2 reconstruction_mae=0.6281 reconstruction_psnr=43.572 edge_touching=True isolated_worker=True progress=36/49
[2026-08-29T22:11:39.775+03:00] INFO    VISION_RECONSTRUCTION  SCENE_037    SCENE_START
[2026-08-29T22:11:46.286+03:00] PASS    VISION_RECONSTRUCTION  SCENE_037    SCENE_VISION_ANALYZED | mode=CLEAN_LAYERED source_mode=BORDER_CONNECTED_WHITE_STAGE_MATTE major_groups=2 expected_units=2 reconstruction_mae=0.5093 reconstruction_psnr=44.64 edge_touching=True isolated_worker=True progress=37/49
[2026-08-29T22:11:46.354+03:00] INFO    VISION_RECONSTRUCTION  SCENE_038    SCENE_START
[2026-08-29T22:11:48.713+03:00] PASS    VISION_RECONSTRUCTION  SCENE_038    SCENE_VISION_ANALYZED | mode=CLEAN_LAYERED source_mode=NATIVE_ALPHA_AUTHORITY major_groups=1 expected_units=1 reconstruction_mae=0.9358 reconstruction_psnr=39.139 edge_touching=True isolated_worker=True progress=38/49
[2026-08-29T22:11:50.038+03:00] INFO    VISION_RECONSTRUCTION  SCENE_039    SCENE_START
[2026-08-29T22:11:56.118+03:00] PASS    VISION_RECONSTRUCTION  SCENE_039    SCENE_VISION_ANALYZED | mode=CLEAN_LAYERED source_mode=BORDER_CONNECTED_WHITE_STAGE_MATTE major_groups=1 expected_units=1 reconstruction_mae=0.3612 reconstruction_psnr=46.347 edge_touching=False isolated_worker=True progress=39/49
[2026-08-29T22:11:57.933+03:00] INFO    VISION_RECONSTRUCTION  SCENE_040    SCENE_START
[2026-08-29T22:12:01.673+03:00] PASS    VISION_RECONSTRUCTION  SCENE_040    SCENE_VISION_ANALYZED | mode=GROUPED_LAYERED source_mode=BORDER_CONNECTED_WHITE_STAGE_MATTE major_groups=1 expected_units=2 reconstruction_mae=1.1117 reconstruction_psnr=38.974 edge_touching=False isolated_worker=True progress=40/49
[2026-08-29T22:12:01.676+03:00] INFO    VISION_RECONSTRUCTION  SCENE_041    SCENE_START
[2026-08-29T22:12:06.604+03:00] PASS    VISION_RECONSTRUCTION  SCENE_041    SCENE_VISION_ANALYZED | mode=CLEAN_LAYERED source_mode=BORDER_CONNECTED_WHITE_STAGE_MATTE major_groups=1 expected_units=1 reconstruction_mae=0.3627 reconstruction_psnr=46.232 edge_touching=False isolated_worker=True progress=41/49
[2026-08-29T22:12:06.607+03:00] INFO    VISION_RECONSTRUCTION  SCENE_042    SCENE_START
[2026-08-29T22:12:09.892+03:00] PASS    VISION_RECONSTRUCTION  SCENE_042    SCENE_VISION_ANALYZED | mode=CLEAN_LAYERED source_mode=NATIVE_ALPHA_AUTHORITY major_groups=1 expected_units=1 reconstruction_mae=1.3084 reconstruction_psnr=37.759 edge_touching=True isolated_worker=True progress=42/49
[2026-08-29T22:12:09.971+03:00] INFO    VISION_RECONSTRUCTION  SCENE_043    SCENE_START
[2026-08-29T22:12:15.165+03:00] PASS    VISION_RECONSTRUCTION  SCENE_043    SCENE_VISION_ANALYZED | mode=GROUPED_LAYERED source_mode=BORDER_CONNECTED_WHITE_STAGE_MATTE major_groups=1 expected_units=2 reconstruction_mae=0.3437 reconstruction_psnr=50.204 edge_touching=True isolated_worker=True progress=43/49
[2026-08-29T22:12:15.259+03:00] INFO    VISION_RECONSTRUCTION  SCENE_044    SCENE_START
[2026-08-29T22:12:18.328+03:00] PASS    VISION_RECONSTRUCTION  SCENE_044    SCENE_VISION_ANALYZED | mode=CLEAN_LAYERED source_mode=NATIVE_ALPHA_AUTHORITY major_groups=1 expected_units=1 reconstruction_mae=1.6102 reconstruction_psnr=34.301 edge_touching=False isolated_worker=True progress=44/49
[2026-08-29T22:12:18.331+03:00] INFO    VISION_RECONSTRUCTION  SCENE_045    SCENE_START
[2026-08-29T22:12:23.061+03:00] PASS    VISION_RECONSTRUCTION  SCENE_045    SCENE_VISION_ANALYZED | mode=GROUPED_LAYERED source_mode=BORDER_CONNECTED_WHITE_STAGE_MATTE major_groups=1 expected_units=2 reconstruction_mae=0.4885 reconstruction_psnr=43.748 edge_touching=False isolated_worker=True progress=45/49
[2026-08-29T22:12:23.064+03:00] INFO    VISION_RECONSTRUCTION  SCENE_046    SCENE_START
[2026-08-29T22:12:26.826+03:00] PASS    VISION_RECONSTRUCTION  SCENE_046    SCENE_VISION_ANALYZED | mode=GROUPED_LAYERED source_mode=BORDER_CONNECTED_WHITE_STAGE_MATTE major_groups=1 expected_units=2 reconstruction_mae=0.6768 reconstruction_psnr=42.078 edge_touching=False isolated_worker=True progress=46/49
[2026-08-29T22:12:26.835+03:00] INFO    VISION_RECONSTRUCTION  SCENE_047    SCENE_START
[2026-08-29T22:12:32.137+03:00] PASS    VISION_RECONSTRUCTION  SCENE_047    SCENE_VISION_ANALYZED | mode=CLEAN_LAYERED source_mode=BORDER_CONNECTED_WHITE_STAGE_MATTE major_groups=1 expected_units=1 reconstruction_mae=0.42 reconstruction_psnr=44.063 edge_touching=False isolated_worker=True progress=47/49
[2026-08-29T22:12:32.140+03:00] INFO    VISION_RECONSTRUCTION  SCENE_048    SCENE_START
[2026-08-29T22:12:38.378+03:00] PASS    VISION_RECONSTRUCTION  SCENE_048    SCENE_VISION_ANALYZED | mode=CLEAN_LAYERED source_mode=BORDER_CONNECTED_WHITE_STAGE_MATTE major_groups=1 expected_units=1 reconstruction_mae=0.4296 reconstruction_psnr=44.049 edge_touching=False isolated_worker=True progress=48/49
[2026-08-29T22:12:38.407+03:00] INFO    VISION_RECONSTRUCTION  SCENE_049    SCENE_START
[2026-08-29T22:12:45.540+03:00] PASS    VISION_RECONSTRUCTION  SCENE_049    SCENE_VISION_ANALYZED | mode=CLEAN_LAYERED source_mode=BORDER_CONNECTED_WHITE_STAGE_MATTE major_groups=2 expected_units=2 reconstruction_mae=0.4644 reconstruction_psnr=43.527 edge_touching=True isolated_worker=True progress=49/49
[2026-08-29T22:12:45.598+03:00] INFO    MOTION_DIRECTOR        -            PHASE_START
[2026-08-29T22:13:42.878+03:00] PASS    MOTION_DIRECTOR        -            MOTION_PLAN_BUILT | event_count=70 scene_count=49 visual_cards=21 fps=30.0 motion_dna=HEXA_MOTION_DNA_V31_0_25_PREMIUM_MOTION_LANGUAGE story_actions=0 choreography_actions=134 suppressed_events=3 subobject_cutouts=0
[2026-08-29T22:13:43.111+03:00] PASS    MOTION_DIRECTOR        -            VISUAL_DENSITY_PLAN_EVALUATED | median_union_coverage=0.454097 estimated_alpha_coverage=0.093031 mean_temporal_population=1.647705 near_blank_seconds=0.9 static_hold_ratio=0.517839 hard_under_density_cards=[]
[2026-08-29T22:13:43.340+03:00] PASS    MOTION_DIRECTOR        -            USER_PRESET_MOTION_QA_PASS | event_count=70 visual_cards=21 relationship_actions=0 motion_dna=HEXA_MOTION_DNA_V31_0_25_PREMIUM_MOTION_LANGUAGE
[2026-08-29T22:13:43.412+03:00] INFO    USER_PRESET_STORY_LOCK -            PHASE_START
[2026-08-29T22:13:43.940+03:00] ERROR   USER_PRESET_STORY_LOCK -            BUILD_FAILURE - Semantic timeline coverage gates failed | exception_type=BuildFailure
[2026-08-29T22:13:44.528+03:00] ERROR   USER_PRESET_STORY_LOCK -            BUILD_FINALIZED | status=FAIL
